syscalls.c:47:6:initialise_monitor_handles	0	static
syscalls.c:51:5:_getpid	0	static
syscalls.c:56:5:_kill	8	static
syscalls.c:62:6:_exit	8	static
syscalls.c:68:27:_read	16	static
syscalls.c:80:5:_close	0	static
syscalls.c:86:5:_fstat	0	static
syscalls.c:92:5:_isatty	0	static
syscalls.c:97:5:_lseek	0	static
syscalls.c:102:5:_open	0	static
syscalls.c:108:5:_wait	8	static
syscalls.c:114:5:_unlink	8	static
syscalls.c:120:5:_times	0	static
syscalls.c:125:5:_stat	0	static
syscalls.c:131:5:_link	8	static
syscalls.c:137:5:_fork	8	static
syscalls.c:143:5:_execve	8	static
