notes.h:3:6:setNote	16	static
main.c:83:6:HAL_TIM_PeriodElapsedCallback	16	static
main.c:96:7:map	32	static
main.c:100:6:get_sineval	24	static
main.c:106:6:get_sawval	16	static
main.c:112:6:get_quadval	16	static
main.c:127:5:main	16	static
main.c:184:6:SystemClock_Config	88	static
main.c:227:13:MX_DAC_Init	16	static
main.c:272:13:MX_TIM4_Init	32	static
main.c:317:13:MX_TIM6_Init	16	static
main.c:355:13:MX_TIM7_Init	16	static
main.c:393:13:MX_UART4_Init	8	static
main.c:424:13:MX_DMA_Init	16	static
main.c:445:13:MX_GPIO_Init	48	static
main.c:475:6:HAL_UART_RxCpltCallback	16	static
main.c:569:6:Error_Handler	4	static
